ImportError while loading conftest '/root/workspace/FlagGems/benchmark/conftest.py'.
benchmark/conftest.py:9: in <module>
    import flag_gems
src/flag_gems/__init__.py:7: in <module>
    from flag_gems import testing  # noqa: F401
src/flag_gems/testing/__init__.py:3: in <module>
    from flag_gems import runtime
src/flag_gems/runtime/__init__.py:5: in <module>
    from .configs_loader import TunedConfigLoader
src/flag_gems/runtime/configs_loader.py:6: in <module>
    import triton
/root/FlagTree/python/triton/__init__.py:8: in <module>
    from .runtime import (
/root/FlagTree/python/triton/runtime/__init__.py:1: in <module>
    from .autotuner import (Autotuner, Config, Heuristics, autotune, heuristics)
/root/FlagTree/python/triton/runtime/autotuner.py:11: in <module>
    from .. import knobs
/root/FlagTree/python/triton/knobs.py:15: in <module>
    from triton._C.libtriton import getenv, getenv_bool  # type: ignore
E   ImportError: Python version mismatch: module was compiled for Python 3.11, but the interpreter version is incompatible: 3.12.3 (main, Feb  4 2025, 14:48:35) [GCC 13.3.0].
